2025-05-11 22:01:49,020 - diffusion_policy.model.diffusion.conditional_unet1d - INFO - down_modules_0_resnet time: 0.1195s
2025-05-11 22:01:49,021 - diffusion_policy.model.diffusion.conditional_unet1d - INFO - down_modules_0_resnet2 time: 0.0015s
2025-05-11 22:01:49,026 - diffusion_policy.model.diffusion.conditional_unet1d - INFO - down_modules_0_downsample time: 0.0041s
2025-05-11 22:01:49,060 - diffusion_policy.model.diffusion.conditional_unet1d - INFO - down_modules_1_resnet time: 0.0342s
2025-05-11 22:01:49,062 - diffusion_policy.model.diffusion.conditional_unet1d - INFO - down_modules_1_resnet2 time: 0.0017s
2025-05-11 22:01:49,065 - diffusion_policy.model.diffusion.conditional_unet1d - INFO - down_modules_1_downsample time: 0.0035s
2025-05-11 22:01:49,080 - diffusion_policy.model.diffusion.conditional_unet1d - INFO - down_modules_2_resnet time: 0.0149s
2025-05-11 22:01:49,083 - diffusion_policy.model.diffusion.conditional_unet1d - INFO - down_modules_2_resnet2 time: 0.0026s
2025-05-11 22:01:49,084 - diffusion_policy.model.diffusion.conditional_unet1d - INFO - down_modules_2_downsample time: 0.0003s
2025-05-11 22:01:49,089 - diffusion_policy.model.diffusion.conditional_unet1d - INFO - mid_modules time: 0.0049s
2025-05-11 22:01:49,098 - diffusion_policy.model.diffusion.conditional_unet1d - INFO - up_modules_0_resnet time: 0.0091s
2025-05-11 22:01:49,100 - diffusion_policy.model.diffusion.conditional_unet1d - INFO - up_modules_0_resnet2 time: 0.0021s
2025-05-11 22:01:49,112 - diffusion_policy.model.diffusion.conditional_unet1d - INFO - up_modules_0_upsample time: 0.0114s
2025-05-11 22:01:49,122 - diffusion_policy.model.diffusion.conditional_unet1d - INFO - up_modules_1_resnet time: 0.0105s
2025-05-11 22:01:49,124 - diffusion_policy.model.diffusion.conditional_unet1d - INFO - up_modules_1_resnet2 time: 0.0017s
2025-05-11 22:01:49,126 - diffusion_policy.model.diffusion.conditional_unet1d - INFO - up_modules_1_upsample time: 0.0016s
2025-05-11 22:01:49,132 - diffusion_policy.model.diffusion.conditional_unet1d - INFO - final_conv time: 0.0062s
2025-05-11 22:01:49,138 - diffusion_policy.model.diffusion.conditional_unet1d - INFO - down_modules_0_resnet time: 0.0021s
2025-05-11 22:01:49,139 - diffusion_policy.model.diffusion.conditional_unet1d - INFO - down_modules_0_resnet2 time: 0.0014s
2025-05-11 22:01:49,140 - diffusion_policy.model.diffusion.conditional_unet1d - INFO - down_modules_0_downsample time: 0.0007s
2025-05-11 22:01:49,142 - diffusion_policy.model.diffusion.conditional_unet1d - INFO - down_modules_1_resnet time: 0.0017s
2025-05-11 22:01:49,143 - diffusion_policy.model.diffusion.conditional_unet1d - INFO - down_modules_1_resnet2 time: 0.0013s
2025-05-11 22:01:49,144 - diffusion_policy.model.diffusion.conditional_unet1d - INFO - down_modules_1_downsample time: 0.0005s
2025-05-11 22:01:49,146 - diffusion_policy.model.diffusion.conditional_unet1d - INFO - down_modules_2_resnet time: 0.0016s
2025-05-11 22:01:49,147 - diffusion_policy.model.diffusion.conditional_unet1d - INFO - down_modules_2_resnet2 time: 0.0014s
2025-05-11 22:01:49,147 - diffusion_policy.model.diffusion.conditional_unet1d - INFO - down_modules_2_downsample time: 0.0002s
2025-05-11 22:01:49,150 - diffusion_policy.model.diffusion.conditional_unet1d - INFO - mid_modules time: 0.0026s
2025-05-11 22:01:49,152 - diffusion_policy.model.diffusion.conditional_unet1d - INFO - up_modules_0_resnet time: 0.0017s
2025-05-11 22:01:49,154 - diffusion_policy.model.diffusion.conditional_unet1d - INFO - up_modules_0_resnet2 time: 0.0013s
2025-05-11 22:01:49,154 - diffusion_policy.model.diffusion.conditional_unet1d - INFO - up_modules_0_upsample time: 0.0003s
2025-05-11 22:01:49,156 - diffusion_policy.model.diffusion.conditional_unet1d - INFO - up_modules_1_resnet time: 0.0016s
2025-05-11 22:01:49,157 - diffusion_policy.model.diffusion.conditional_unet1d - INFO - up_modules_1_resnet2 time: 0.0013s
2025-05-11 22:01:49,157 - diffusion_policy.model.diffusion.conditional_unet1d - INFO - up_modules_1_upsample time: 0.0002s
2025-05-11 22:01:49,158 - diffusion_policy.model.diffusion.conditional_unet1d - INFO - final_conv time: 0.0007s
2025-05-11 22:01:49,179 - diffusion_policy.model.diffusion.conditional_unet1d - INFO - down_modules_0_resnet time: 0.0018s
2025-05-11 22:01:49,181 - diffusion_policy.model.diffusion.conditional_unet1d - INFO - down_modules_0_resnet2 time: 0.0014s
2025-05-11 22:01:49,181 - diffusion_policy.model.diffusion.conditional_unet1d - INFO - down_modules_0_downsample time: 0.0005s
2025-05-11 22:01:49,183 - diffusion_policy.model.diffusion.conditional_unet1d - INFO - down_modules_1_resnet time: 0.0017s
2025-05-11 22:01:49,185 - diffusion_policy.model.diffusion.conditional_unet1d - INFO - down_modules_1_resnet2 time: 0.0014s
2025-05-11 22:01:49,185 - diffusion_policy.model.diffusion.conditional_unet1d - INFO - down_modules_1_downsample time: 0.0005s
2025-05-11 22:01:49,187 - diffusion_policy.model.diffusion.conditional_unet1d - INFO - down_modules_2_resnet time: 0.0017s
2025-05-11 22:01:49,189 - diffusion_policy.model.diffusion.conditional_unet1d - INFO - down_modules_2_resnet2 time: 0.0014s
2025-05-11 22:01:49,189 - diffusion_policy.model.diffusion.conditional_unet1d - INFO - down_modules_2_downsample time: 0.0002s
2025-05-11 22:01:49,192 - diffusion_policy.model.diffusion.conditional_unet1d - INFO - mid_modules time: 0.0027s
2025-05-11 22:01:49,193 - diffusion_policy.model.diffusion.conditional_unet1d - INFO - up_modules_0_resnet time: 0.0017s
2025-05-11 22:01:49,195 - diffusion_policy.model.diffusion.conditional_unet1d - INFO - up_modules_0_resnet2 time: 0.0013s
2025-05-11 22:01:49,195 - diffusion_policy.model.diffusion.conditional_unet1d - INFO - up_modules_0_upsample time: 0.0003s
2025-05-11 22:01:49,197 - diffusion_policy.model.diffusion.conditional_unet1d - INFO - up_modules_1_resnet time: 0.0017s
2025-05-11 22:01:49,199 - diffusion_policy.model.diffusion.conditional_unet1d - INFO - up_modules_1_resnet2 time: 0.0014s
2025-05-11 22:01:49,199 - diffusion_policy.model.diffusion.conditional_unet1d - INFO - up_modules_1_upsample time: 0.0003s
2025-05-11 22:01:49,200 - diffusion_policy.model.diffusion.conditional_unet1d - INFO - final_conv time: 0.0007s
2025-05-11 22:01:49,204 - diffusion_policy.model.diffusion.conditional_unet1d - INFO - down_modules_0_resnet time: 0.0017s
2025-05-11 22:01:49,205 - diffusion_policy.model.diffusion.conditional_unet1d - INFO - down_modules_0_resnet2 time: 0.0013s
2025-05-11 22:01:49,206 - diffusion_policy.model.diffusion.conditional_unet1d - INFO - down_modules_0_downsample time: 0.0005s
2025-05-11 22:01:49,208 - diffusion_policy.model.diffusion.conditional_unet1d - INFO - down_modules_1_resnet time: 0.0017s
2025-05-11 22:01:49,209 - diffusion_policy.model.diffusion.conditional_unet1d - INFO - down_modules_1_resnet2 time: 0.0014s
2025-05-11 22:01:49,210 - diffusion_policy.model.diffusion.conditional_unet1d - INFO - down_modules_1_downsample time: 0.0005s
2025-05-11 22:01:49,211 - diffusion_policy.model.diffusion.conditional_unet1d - INFO - down_modules_2_resnet time: 0.0017s
2025-05-11 22:01:49,213 - diffusion_policy.model.diffusion.conditional_unet1d - INFO - down_modules_2_resnet2 time: 0.0013s
2025-05-11 22:01:49,213 - diffusion_policy.model.diffusion.conditional_unet1d - INFO - down_modules_2_downsample time: 0.0002s
2025-05-11 22:01:49,216 - diffusion_policy.model.diffusion.conditional_unet1d - INFO - mid_modules time: 0.0027s
2025-05-11 22:01:49,218 - diffusion_policy.model.diffusion.conditional_unet1d - INFO - up_modules_0_resnet time: 0.0017s
2025-05-11 22:01:49,219 - diffusion_policy.model.diffusion.conditional_unet1d - INFO - up_modules_0_resnet2 time: 0.0014s
2025-05-11 22:01:49,220 - diffusion_policy.model.diffusion.conditional_unet1d - INFO - up_modules_0_upsample time: 0.0003s
2025-05-11 22:01:49,221 - diffusion_policy.model.diffusion.conditional_unet1d - INFO - up_modules_1_resnet time: 0.0017s
2025-05-11 22:01:49,223 - diffusion_policy.model.diffusion.conditional_unet1d - INFO - up_modules_1_resnet2 time: 0.0013s
2025-05-11 22:01:49,223 - diffusion_policy.model.diffusion.conditional_unet1d - INFO - up_modules_1_upsample time: 0.0003s
2025-05-11 22:01:49,224 - diffusion_policy.model.diffusion.conditional_unet1d - INFO - final_conv time: 0.0008s
2025-05-11 22:01:49,228 - diffusion_policy.model.diffusion.conditional_unet1d - INFO - down_modules_0_resnet time: 0.0017s
2025-05-11 22:01:49,229 - diffusion_policy.model.diffusion.conditional_unet1d - INFO - down_modules_0_resnet2 time: 0.0014s
2025-05-11 22:01:49,230 - diffusion_policy.model.diffusion.conditional_unet1d - INFO - down_modules_0_downsample time: 0.0005s
2025-05-11 22:01:49,232 - diffusion_policy.model.diffusion.conditional_unet1d - INFO - down_modules_1_resnet time: 0.0017s
2025-05-11 22:01:49,233 - diffusion_policy.model.diffusion.conditional_unet1d - INFO - down_modules_1_resnet2 time: 0.0014s
2025-05-11 22:01:49,234 - diffusion_policy.model.diffusion.conditional_unet1d - INFO - down_modules_1_downsample time: 0.0005s
2025-05-11 22:01:49,236 - diffusion_policy.model.diffusion.conditional_unet1d - INFO - down_modules_2_resnet time: 0.0016s
2025-05-11 22:01:49,237 - diffusion_policy.model.diffusion.conditional_unet1d - INFO - down_modules_2_resnet2 time: 0.0014s
2025-05-11 22:01:49,238 - diffusion_policy.model.diffusion.conditional_unet1d - INFO - down_modules_2_downsample time: 0.0002s
2025-05-11 22:01:49,240 - diffusion_policy.model.diffusion.conditional_unet1d - INFO - mid_modules time: 0.0027s
2025-05-11 22:01:49,242 - diffusion_policy.model.diffusion.conditional_unet1d - INFO - up_modules_0_resnet time: 0.0017s
2025-05-11 22:01:49,244 - diffusion_policy.model.diffusion.conditional_unet1d - INFO - up_modules_0_resnet2 time: 0.0014s
2025-05-11 22:01:49,244 - diffusion_policy.model.diffusion.conditional_unet1d - INFO - up_modules_0_upsample time: 0.0003s
2025-05-11 22:01:49,246 - diffusion_policy.model.diffusion.conditional_unet1d - INFO - up_modules_1_resnet time: 0.0017s
2025-05-11 22:01:49,247 - diffusion_policy.model.diffusion.conditional_unet1d - INFO - up_modules_1_resnet2 time: 0.0014s
2025-05-11 22:01:49,248 - diffusion_policy.model.diffusion.conditional_unet1d - INFO - up_modules_1_upsample time: 0.0003s
2025-05-11 22:01:49,249 - diffusion_policy.model.diffusion.conditional_unet1d - INFO - final_conv time: 0.0007s
2025-05-11 22:01:49,252 - diffusion_policy.model.diffusion.conditional_unet1d - INFO - down_modules_0_resnet time: 0.0017s
2025-05-11 22:01:49,254 - diffusion_policy.model.diffusion.conditional_unet1d - INFO - down_modules_0_resnet2 time: 0.0014s
2025-05-11 22:01:49,255 - diffusion_policy.model.diffusion.conditional_unet1d - INFO - down_modules_0_downsample time: 0.0005s
2025-05-11 22:01:49,256 - diffusion_policy.model.diffusion.conditional_unet1d - INFO - down_modules_1_resnet time: 0.0017s
2025-05-11 22:01:49,258 - diffusion_policy.model.diffusion.conditional_unet1d - INFO - down_modules_1_resnet2 time: 0.0014s
2025-05-11 22:01:49,258 - diffusion_policy.model.diffusion.conditional_unet1d - INFO - down_modules_1_downsample time: 0.0005s
2025-05-11 22:01:49,260 - diffusion_policy.model.diffusion.conditional_unet1d - INFO - down_modules_2_resnet time: 0.0017s
2025-05-11 22:01:49,262 - diffusion_policy.model.diffusion.conditional_unet1d - INFO - down_modules_2_resnet2 time: 0.0014s
2025-05-11 22:01:49,262 - diffusion_policy.model.diffusion.conditional_unet1d - INFO - down_modules_2_downsample time: 0.0002s
2025-05-11 22:01:49,265 - diffusion_policy.model.diffusion.conditional_unet1d - INFO - mid_modules time: 0.0027s
2025-05-11 22:01:49,267 - diffusion_policy.model.diffusion.conditional_unet1d - INFO - up_modules_0_resnet time: 0.0016s
2025-05-11 22:01:49,268 - diffusion_policy.model.diffusion.conditional_unet1d - INFO - up_modules_0_resnet2 time: 0.0014s
2025-05-11 22:01:49,268 - diffusion_policy.model.diffusion.conditional_unet1d - INFO - up_modules_0_upsample time: 0.0002s
2025-05-11 22:01:49,270 - diffusion_policy.model.diffusion.conditional_unet1d - INFO - up_modules_1_resnet time: 0.0017s
2025-05-11 22:01:49,272 - diffusion_policy.model.diffusion.conditional_unet1d - INFO - up_modules_1_resnet2 time: 0.0014s
2025-05-11 22:01:49,272 - diffusion_policy.model.diffusion.conditional_unet1d - INFO - up_modules_1_upsample time: 0.0003s
2025-05-11 22:01:49,273 - diffusion_policy.model.diffusion.conditional_unet1d - INFO - final_conv time: 0.0007s
2025-05-11 22:01:49,277 - diffusion_policy.model.diffusion.conditional_unet1d - INFO - down_modules_0_resnet time: 0.0017s
2025-05-11 22:01:49,278 - diffusion_policy.model.diffusion.conditional_unet1d - INFO - down_modules_0_resnet2 time: 0.0013s
2025-05-11 22:01:49,279 - diffusion_policy.model.diffusion.conditional_unet1d - INFO - down_modules_0_downsample time: 0.0006s
2025-05-11 22:01:49,281 - diffusion_policy.model.diffusion.conditional_unet1d - INFO - down_modules_1_resnet time: 0.0017s
2025-05-11 22:01:49,282 - diffusion_policy.model.diffusion.conditional_unet1d - INFO - down_modules_1_resnet2 time: 0.0014s
2025-05-11 22:01:49,283 - diffusion_policy.model.diffusion.conditional_unet1d - INFO - down_modules_1_downsample time: 0.0006s
2025-05-11 22:01:49,285 - diffusion_policy.model.diffusion.conditional_unet1d - INFO - down_modules_2_resnet time: 0.0016s
2025-05-11 22:01:49,286 - diffusion_policy.model.diffusion.conditional_unet1d - INFO - down_modules_2_resnet2 time: 0.0014s
2025-05-11 22:01:49,286 - diffusion_policy.model.diffusion.conditional_unet1d - INFO - down_modules_2_downsample time: 0.0002s
2025-05-11 22:01:49,289 - diffusion_policy.model.diffusion.conditional_unet1d - INFO - mid_modules time: 0.0027s
2025-05-11 22:01:49,291 - diffusion_policy.model.diffusion.conditional_unet1d - INFO - up_modules_0_resnet time: 0.0017s
2025-05-11 22:01:49,292 - diffusion_policy.model.diffusion.conditional_unet1d - INFO - up_modules_0_resnet2 time: 0.0014s
2025-05-11 22:01:49,293 - diffusion_policy.model.diffusion.conditional_unet1d - INFO - up_modules_0_upsample time: 0.0003s
2025-05-11 22:01:49,295 - diffusion_policy.model.diffusion.conditional_unet1d - INFO - up_modules_1_resnet time: 0.0016s
2025-05-11 22:01:49,296 - diffusion_policy.model.diffusion.conditional_unet1d - INFO - up_modules_1_resnet2 time: 0.0013s
2025-05-11 22:01:49,296 - diffusion_policy.model.diffusion.conditional_unet1d - INFO - up_modules_1_upsample time: 0.0003s
2025-05-11 22:01:49,297 - diffusion_policy.model.diffusion.conditional_unet1d - INFO - final_conv time: 0.0007s
2025-05-11 22:01:49,301 - diffusion_policy.model.diffusion.conditional_unet1d - INFO - down_modules_0_resnet time: 0.0017s
2025-05-11 22:01:49,303 - diffusion_policy.model.diffusion.conditional_unet1d - INFO - down_modules_0_resnet2 time: 0.0014s
2025-05-11 22:01:49,303 - diffusion_policy.model.diffusion.conditional_unet1d - INFO - down_modules_0_downsample time: 0.0005s
2025-05-11 22:01:49,305 - diffusion_policy.model.diffusion.conditional_unet1d - INFO - down_modules_1_resnet time: 0.0016s
2025-05-11 22:01:49,306 - diffusion_policy.model.diffusion.conditional_unet1d - INFO - down_modules_1_resnet2 time: 0.0014s
2025-05-11 22:01:49,307 - diffusion_policy.model.diffusion.conditional_unet1d - INFO - down_modules_1_downsample time: 0.0005s
2025-05-11 22:01:49,309 - diffusion_policy.model.diffusion.conditional_unet1d - INFO - down_modules_2_resnet time: 0.0016s
2025-05-11 22:01:49,310 - diffusion_policy.model.diffusion.conditional_unet1d - INFO - down_modules_2_resnet2 time: 0.0014s
2025-05-11 22:01:49,311 - diffusion_policy.model.diffusion.conditional_unet1d - INFO - down_modules_2_downsample time: 0.0002s
2025-05-11 22:01:49,313 - diffusion_policy.model.diffusion.conditional_unet1d - INFO - mid_modules time: 0.0027s
2025-05-11 22:01:49,315 - diffusion_policy.model.diffusion.conditional_unet1d - INFO - up_modules_0_resnet time: 0.0017s
2025-05-11 22:01:49,317 - diffusion_policy.model.diffusion.conditional_unet1d - INFO - up_modules_0_resnet2 time: 0.0013s
2025-05-11 22:01:49,317 - diffusion_policy.model.diffusion.conditional_unet1d - INFO - up_modules_0_upsample time: 0.0003s
2025-05-11 22:01:49,319 - diffusion_policy.model.diffusion.conditional_unet1d - INFO - up_modules_1_resnet time: 0.0017s
2025-05-11 22:01:49,320 - diffusion_policy.model.diffusion.conditional_unet1d - INFO - up_modules_1_resnet2 time: 0.0014s
2025-05-11 22:01:49,321 - diffusion_policy.model.diffusion.conditional_unet1d - INFO - up_modules_1_upsample time: 0.0003s
2025-05-11 22:01:49,321 - diffusion_policy.model.diffusion.conditional_unet1d - INFO - final_conv time: 0.0007s
2025-05-11 22:01:49,325 - diffusion_policy.model.diffusion.conditional_unet1d - INFO - down_modules_0_resnet time: 0.0017s
2025-05-11 22:01:49,327 - diffusion_policy.model.diffusion.conditional_unet1d - INFO - down_modules_0_resnet2 time: 0.0014s
2025-05-11 22:01:49,328 - diffusion_policy.model.diffusion.conditional_unet1d - INFO - down_modules_0_downsample time: 0.0006s
2025-05-11 22:01:49,329 - diffusion_policy.model.diffusion.conditional_unet1d - INFO - down_modules_1_resnet time: 0.0017s
2025-05-11 22:01:49,331 - diffusion_policy.model.diffusion.conditional_unet1d - INFO - down_modules_1_resnet2 time: 0.0014s
2025-05-11 22:01:49,331 - diffusion_policy.model.diffusion.conditional_unet1d - INFO - down_modules_1_downsample time: 0.0005s
2025-05-11 22:01:49,333 - diffusion_policy.model.diffusion.conditional_unet1d - INFO - down_modules_2_resnet time: 0.0016s
2025-05-11 22:01:49,335 - diffusion_policy.model.diffusion.conditional_unet1d - INFO - down_modules_2_resnet2 time: 0.0013s
2025-05-11 22:01:49,335 - diffusion_policy.model.diffusion.conditional_unet1d - INFO - down_modules_2_downsample time: 0.0002s
2025-05-11 22:01:49,338 - diffusion_policy.model.diffusion.conditional_unet1d - INFO - mid_modules time: 0.0027s
2025-05-11 22:01:49,340 - diffusion_policy.model.diffusion.conditional_unet1d - INFO - up_modules_0_resnet time: 0.0017s
2025-05-11 22:01:49,341 - diffusion_policy.model.diffusion.conditional_unet1d - INFO - up_modules_0_resnet2 time: 0.0014s
2025-05-11 22:01:49,341 - diffusion_policy.model.diffusion.conditional_unet1d - INFO - up_modules_0_upsample time: 0.0003s
2025-05-11 22:01:49,343 - diffusion_policy.model.diffusion.conditional_unet1d - INFO - up_modules_1_resnet time: 0.0017s
2025-05-11 22:01:49,345 - diffusion_policy.model.diffusion.conditional_unet1d - INFO - up_modules_1_resnet2 time: 0.0013s
2025-05-11 22:01:49,345 - diffusion_policy.model.diffusion.conditional_unet1d - INFO - up_modules_1_upsample time: 0.0003s
2025-05-11 22:01:49,346 - diffusion_policy.model.diffusion.conditional_unet1d - INFO - final_conv time: 0.0007s
2025-05-11 22:01:49,350 - diffusion_policy.model.diffusion.conditional_unet1d - INFO - down_modules_0_resnet time: 0.0017s
2025-05-11 22:01:49,351 - diffusion_policy.model.diffusion.conditional_unet1d - INFO - down_modules_0_resnet2 time: 0.0014s
2025-05-11 22:01:49,352 - diffusion_policy.model.diffusion.conditional_unet1d - INFO - down_modules_0_downsample time: 0.0005s
2025-05-11 22:01:49,354 - diffusion_policy.model.diffusion.conditional_unet1d - INFO - down_modules_1_resnet time: 0.0017s
2025-05-11 22:01:49,355 - diffusion_policy.model.diffusion.conditional_unet1d - INFO - down_modules_1_resnet2 time: 0.0013s
2025-05-11 22:01:49,356 - diffusion_policy.model.diffusion.conditional_unet1d - INFO - down_modules_1_downsample time: 0.0006s
2025-05-11 22:01:49,358 - diffusion_policy.model.diffusion.conditional_unet1d - INFO - down_modules_2_resnet time: 0.0016s
2025-05-11 22:01:49,359 - diffusion_policy.model.diffusion.conditional_unet1d - INFO - down_modules_2_resnet2 time: 0.0014s
2025-05-11 22:01:49,359 - diffusion_policy.model.diffusion.conditional_unet1d - INFO - down_modules_2_downsample time: 0.0002s
2025-05-11 22:01:49,362 - diffusion_policy.model.diffusion.conditional_unet1d - INFO - mid_modules time: 0.0027s
2025-05-11 22:01:49,364 - diffusion_policy.model.diffusion.conditional_unet1d - INFO - up_modules_0_resnet time: 0.0017s
2025-05-11 22:01:49,365 - diffusion_policy.model.diffusion.conditional_unet1d - INFO - up_modules_0_resnet2 time: 0.0013s
2025-05-11 22:01:49,366 - diffusion_policy.model.diffusion.conditional_unet1d - INFO - up_modules_0_upsample time: 0.0003s
2025-05-11 22:01:49,368 - diffusion_policy.model.diffusion.conditional_unet1d - INFO - up_modules_1_resnet time: 0.0017s
2025-05-11 22:01:49,369 - diffusion_policy.model.diffusion.conditional_unet1d - INFO - up_modules_1_resnet2 time: 0.0014s
2025-05-11 22:01:49,369 - diffusion_policy.model.diffusion.conditional_unet1d - INFO - up_modules_1_upsample time: 0.0003s
2025-05-11 22:01:49,370 - diffusion_policy.model.diffusion.conditional_unet1d - INFO - final_conv time: 0.0007s
2025-05-11 22:01:49,374 - diffusion_policy.model.diffusion.conditional_unet1d - INFO - down_modules_0_resnet time: 0.0017s
2025-05-11 22:01:49,376 - diffusion_policy.model.diffusion.conditional_unet1d - INFO - down_modules_0_resnet2 time: 0.0014s
2025-05-11 22:01:49,376 - diffusion_policy.model.diffusion.conditional_unet1d - INFO - down_modules_0_downsample time: 0.0005s
2025-05-11 22:01:49,378 - diffusion_policy.model.diffusion.conditional_unet1d - INFO - down_modules_1_resnet time: 0.0017s
2025-05-11 22:01:49,380 - diffusion_policy.model.diffusion.conditional_unet1d - INFO - down_modules_1_resnet2 time: 0.0014s
2025-05-11 22:01:49,380 - diffusion_policy.model.diffusion.conditional_unet1d - INFO - down_modules_1_downsample time: 0.0005s
2025-05-11 22:01:49,382 - diffusion_policy.model.diffusion.conditional_unet1d - INFO - down_modules_2_resnet time: 0.0016s
2025-05-11 22:01:49,383 - diffusion_policy.model.diffusion.conditional_unet1d - INFO - down_modules_2_resnet2 time: 0.0014s
2025-05-11 22:01:49,384 - diffusion_policy.model.diffusion.conditional_unet1d - INFO - down_modules_2_downsample time: 0.0002s
2025-05-11 22:01:49,386 - diffusion_policy.model.diffusion.conditional_unet1d - INFO - mid_modules time: 0.0027s
2025-05-11 22:01:49,388 - diffusion_policy.model.diffusion.conditional_unet1d - INFO - up_modules_0_resnet time: 0.0017s
2025-05-11 22:01:49,390 - diffusion_policy.model.diffusion.conditional_unet1d - INFO - up_modules_0_resnet2 time: 0.0014s
2025-05-11 22:01:49,390 - diffusion_policy.model.diffusion.conditional_unet1d - INFO - up_modules_0_upsample time: 0.0003s
2025-05-11 22:01:49,392 - diffusion_policy.model.diffusion.conditional_unet1d - INFO - up_modules_1_resnet time: 0.0017s
2025-05-11 22:01:49,393 - diffusion_policy.model.diffusion.conditional_unet1d - INFO - up_modules_1_resnet2 time: 0.0013s
2025-05-11 22:01:49,394 - diffusion_policy.model.diffusion.conditional_unet1d - INFO - up_modules_1_upsample time: 0.0003s
2025-05-11 22:01:49,395 - diffusion_policy.model.diffusion.conditional_unet1d - INFO - final_conv time: 0.0007s
2025-05-11 22:01:49,398 - diffusion_policy.model.diffusion.conditional_unet1d - INFO - down_modules_0_resnet time: 0.0017s
2025-05-11 22:01:49,400 - diffusion_policy.model.diffusion.conditional_unet1d - INFO - down_modules_0_resnet2 time: 0.0014s
2025-05-11 22:01:49,401 - diffusion_policy.model.diffusion.conditional_unet1d - INFO - down_modules_0_downsample time: 0.0005s
2025-05-11 22:01:49,402 - diffusion_policy.model.diffusion.conditional_unet1d - INFO - down_modules_1_resnet time: 0.0017s
2025-05-11 22:01:49,404 - diffusion_policy.model.diffusion.conditional_unet1d - INFO - down_modules_1_resnet2 time: 0.0014s
2025-05-11 22:01:49,404 - diffusion_policy.model.diffusion.conditional_unet1d - INFO - down_modules_1_downsample time: 0.0005s
2025-05-11 22:01:49,406 - diffusion_policy.model.diffusion.conditional_unet1d - INFO - down_modules_2_resnet time: 0.0016s
2025-05-11 22:01:49,408 - diffusion_policy.model.diffusion.conditional_unet1d - INFO - down_modules_2_resnet2 time: 0.0014s
2025-05-11 22:01:49,408 - diffusion_policy.model.diffusion.conditional_unet1d - INFO - down_modules_2_downsample time: 0.0002s
2025-05-11 22:01:49,411 - diffusion_policy.model.diffusion.conditional_unet1d - INFO - mid_modules time: 0.0026s
2025-05-11 22:01:49,413 - diffusion_policy.model.diffusion.conditional_unet1d - INFO - up_modules_0_resnet time: 0.0016s
2025-05-11 22:01:49,414 - diffusion_policy.model.diffusion.conditional_unet1d - INFO - up_modules_0_resnet2 time: 0.0013s
2025-05-11 22:01:49,414 - diffusion_policy.model.diffusion.conditional_unet1d - INFO - up_modules_0_upsample time: 0.0003s
2025-05-11 22:01:49,416 - diffusion_policy.model.diffusion.conditional_unet1d - INFO - up_modules_1_resnet time: 0.0017s
2025-05-11 22:01:49,418 - diffusion_policy.model.diffusion.conditional_unet1d - INFO - up_modules_1_resnet2 time: 0.0013s
2025-05-11 22:01:49,418 - diffusion_policy.model.diffusion.conditional_unet1d - INFO - up_modules_1_upsample time: 0.0003s
2025-05-11 22:01:49,419 - diffusion_policy.model.diffusion.conditional_unet1d - INFO - final_conv time: 0.0007s
2025-05-11 22:01:49,423 - diffusion_policy.model.diffusion.conditional_unet1d - INFO - down_modules_0_resnet time: 0.0017s
2025-05-11 22:01:49,424 - diffusion_policy.model.diffusion.conditional_unet1d - INFO - down_modules_0_resnet2 time: 0.0014s
2025-05-11 22:01:49,425 - diffusion_policy.model.diffusion.conditional_unet1d - INFO - down_modules_0_downsample time: 0.0005s
2025-05-11 22:01:49,427 - diffusion_policy.model.diffusion.conditional_unet1d - INFO - down_modules_1_resnet time: 0.0017s
2025-05-11 22:01:49,428 - diffusion_policy.model.diffusion.conditional_unet1d - INFO - down_modules_1_resnet2 time: 0.0014s
2025-05-11 22:01:49,429 - diffusion_policy.model.diffusion.conditional_unet1d - INFO - down_modules_1_downsample time: 0.0005s
2025-05-11 22:01:49,430 - diffusion_policy.model.diffusion.conditional_unet1d - INFO - down_modules_2_resnet time: 0.0016s
2025-05-11 22:01:49,432 - diffusion_policy.model.diffusion.conditional_unet1d - INFO - down_modules_2_resnet2 time: 0.0013s
2025-05-11 22:01:49,432 - diffusion_policy.model.diffusion.conditional_unet1d - INFO - down_modules_2_downsample time: 0.0002s
2025-05-11 22:01:49,435 - diffusion_policy.model.diffusion.conditional_unet1d - INFO - mid_modules time: 0.0027s
2025-05-11 22:01:49,437 - diffusion_policy.model.diffusion.conditional_unet1d - INFO - up_modules_0_resnet time: 0.0017s
2025-05-11 22:01:49,438 - diffusion_policy.model.diffusion.conditional_unet1d - INFO - up_modules_0_resnet2 time: 0.0013s
2025-05-11 22:01:49,439 - diffusion_policy.model.diffusion.conditional_unet1d - INFO - up_modules_0_upsample time: 0.0003s
2025-05-11 22:01:49,440 - diffusion_policy.model.diffusion.conditional_unet1d - INFO - up_modules_1_resnet time: 0.0017s
2025-05-11 22:01:49,442 - diffusion_policy.model.diffusion.conditional_unet1d - INFO - up_modules_1_resnet2 time: 0.0014s
2025-05-11 22:01:49,442 - diffusion_policy.model.diffusion.conditional_unet1d - INFO - up_modules_1_upsample time: 0.0003s
2025-05-11 22:01:49,443 - diffusion_policy.model.diffusion.conditional_unet1d - INFO - final_conv time: 0.0007s
2025-05-11 22:01:49,447 - diffusion_policy.model.diffusion.conditional_unet1d - INFO - down_modules_0_resnet time: 0.0017s
2025-05-11 22:01:49,448 - diffusion_policy.model.diffusion.conditional_unet1d - INFO - down_modules_0_resnet2 time: 0.0014s
2025-05-11 22:01:49,449 - diffusion_policy.model.diffusion.conditional_unet1d - INFO - down_modules_0_downsample time: 0.0005s
2025-05-11 22:01:49,451 - diffusion_policy.model.diffusion.conditional_unet1d - INFO - down_modules_1_resnet time: 0.0016s
2025-05-11 22:01:49,452 - diffusion_policy.model.diffusion.conditional_unet1d - INFO - down_modules_1_resnet2 time: 0.0013s
2025-05-11 22:01:49,453 - diffusion_policy.model.diffusion.conditional_unet1d - INFO - down_modules_1_downsample time: 0.0006s
2025-05-11 22:01:49,455 - diffusion_policy.model.diffusion.conditional_unet1d - INFO - down_modules_2_resnet time: 0.0017s
2025-05-11 22:01:49,456 - diffusion_policy.model.diffusion.conditional_unet1d - INFO - down_modules_2_resnet2 time: 0.0014s
2025-05-11 22:01:49,457 - diffusion_policy.model.diffusion.conditional_unet1d - INFO - down_modules_2_downsample time: 0.0002s
2025-05-11 22:01:49,459 - diffusion_policy.model.diffusion.conditional_unet1d - INFO - mid_modules time: 0.0026s
2025-05-11 22:01:49,461 - diffusion_policy.model.diffusion.conditional_unet1d - INFO - up_modules_0_resnet time: 0.0016s
2025-05-11 22:01:49,462 - diffusion_policy.model.diffusion.conditional_unet1d - INFO - up_modules_0_resnet2 time: 0.0013s
2025-05-11 22:01:49,463 - diffusion_policy.model.diffusion.conditional_unet1d - INFO - up_modules_0_upsample time: 0.0003s
2025-05-11 22:01:49,465 - diffusion_policy.model.diffusion.conditional_unet1d - INFO - up_modules_1_resnet time: 0.0017s
2025-05-11 22:01:49,466 - diffusion_policy.model.diffusion.conditional_unet1d - INFO - up_modules_1_resnet2 time: 0.0013s
2025-05-11 22:01:49,466 - diffusion_policy.model.diffusion.conditional_unet1d - INFO - up_modules_1_upsample time: 0.0003s
2025-05-11 22:01:49,467 - diffusion_policy.model.diffusion.conditional_unet1d - INFO - final_conv time: 0.0008s
2025-05-11 22:01:49,471 - diffusion_policy.model.diffusion.conditional_unet1d - INFO - down_modules_0_resnet time: 0.0017s
2025-05-11 22:01:49,473 - diffusion_policy.model.diffusion.conditional_unet1d - INFO - down_modules_0_resnet2 time: 0.0014s
2025-05-11 22:01:49,473 - diffusion_policy.model.diffusion.conditional_unet1d - INFO - down_modules_0_downsample time: 0.0005s
2025-05-11 22:01:49,475 - diffusion_policy.model.diffusion.conditional_unet1d - INFO - down_modules_1_resnet time: 0.0017s
2025-05-11 22:01:49,477 - diffusion_policy.model.diffusion.conditional_unet1d - INFO - down_modules_1_resnet2 time: 0.0013s
2025-05-11 22:01:49,477 - diffusion_policy.model.diffusion.conditional_unet1d - INFO - down_modules_1_downsample time: 0.0006s
2025-05-11 22:01:49,479 - diffusion_policy.model.diffusion.conditional_unet1d - INFO - down_modules_2_resnet time: 0.0017s
2025-05-11 22:01:49,480 - diffusion_policy.model.diffusion.conditional_unet1d - INFO - down_modules_2_resnet2 time: 0.0014s
2025-05-11 22:01:49,481 - diffusion_policy.model.diffusion.conditional_unet1d - INFO - down_modules_2_downsample time: 0.0002s
2025-05-11 22:01:49,483 - diffusion_policy.model.diffusion.conditional_unet1d - INFO - mid_modules time: 0.0027s
2025-05-11 22:01:49,485 - diffusion_policy.model.diffusion.conditional_unet1d - INFO - up_modules_0_resnet time: 0.0016s
2025-05-11 22:01:49,487 - diffusion_policy.model.diffusion.conditional_unet1d - INFO - up_modules_0_resnet2 time: 0.0014s
2025-05-11 22:01:49,487 - diffusion_policy.model.diffusion.conditional_unet1d - INFO - up_modules_0_upsample time: 0.0003s
2025-05-11 22:01:49,489 - diffusion_policy.model.diffusion.conditional_unet1d - INFO - up_modules_1_resnet time: 0.0017s
2025-05-11 22:01:49,490 - diffusion_policy.model.diffusion.conditional_unet1d - INFO - up_modules_1_resnet2 time: 0.0013s
2025-05-11 22:01:49,491 - diffusion_policy.model.diffusion.conditional_unet1d - INFO - up_modules_1_upsample time: 0.0003s
2025-05-11 22:01:49,492 - diffusion_policy.model.diffusion.conditional_unet1d - INFO - final_conv time: 0.0008s
2025-05-11 22:01:49,495 - diffusion_policy.model.diffusion.conditional_unet1d - INFO - down_modules_0_resnet time: 0.0017s
2025-05-11 22:01:49,497 - diffusion_policy.model.diffusion.conditional_unet1d - INFO - down_modules_0_resnet2 time: 0.0014s
2025-05-11 22:01:49,498 - diffusion_policy.model.diffusion.conditional_unet1d - INFO - down_modules_0_downsample time: 0.0005s
2025-05-11 22:01:49,499 - diffusion_policy.model.diffusion.conditional_unet1d - INFO - down_modules_1_resnet time: 0.0017s
2025-05-11 22:01:49,501 - diffusion_policy.model.diffusion.conditional_unet1d - INFO - down_modules_1_resnet2 time: 0.0013s
2025-05-11 22:01:49,501 - diffusion_policy.model.diffusion.conditional_unet1d - INFO - down_modules_1_downsample time: 0.0006s
2025-05-11 22:01:49,503 - diffusion_policy.model.diffusion.conditional_unet1d - INFO - down_modules_2_resnet time: 0.0017s
2025-05-11 22:01:49,505 - diffusion_policy.model.diffusion.conditional_unet1d - INFO - down_modules_2_resnet2 time: 0.0014s
2025-05-11 22:01:49,505 - diffusion_policy.model.diffusion.conditional_unet1d - INFO - down_modules_2_downsample time: 0.0002s
2025-05-11 22:01:49,508 - diffusion_policy.model.diffusion.conditional_unet1d - INFO - mid_modules time: 0.0027s
2025-05-11 22:01:49,510 - diffusion_policy.model.diffusion.conditional_unet1d - INFO - up_modules_0_resnet time: 0.0017s
2025-05-11 22:01:49,511 - diffusion_policy.model.diffusion.conditional_unet1d - INFO - up_modules_0_resnet2 time: 0.0013s
2025-05-11 22:01:49,511 - diffusion_policy.model.diffusion.conditional_unet1d - INFO - up_modules_0_upsample time: 0.0003s
2025-05-11 22:01:49,513 - diffusion_policy.model.diffusion.conditional_unet1d - INFO - up_modules_1_resnet time: 0.0017s
2025-05-11 22:01:49,515 - diffusion_policy.model.diffusion.conditional_unet1d - INFO - up_modules_1_resnet2 time: 0.0014s
2025-05-11 22:01:49,515 - diffusion_policy.model.diffusion.conditional_unet1d - INFO - up_modules_1_upsample time: 0.0003s
2025-05-11 22:01:49,516 - diffusion_policy.model.diffusion.conditional_unet1d - INFO - final_conv time: 0.0007s
2025-05-11 22:01:49,520 - diffusion_policy.model.diffusion.conditional_unet1d - INFO - down_modules_0_resnet time: 0.0017s
2025-05-11 22:01:49,521 - diffusion_policy.model.diffusion.conditional_unet1d - INFO - down_modules_0_resnet2 time: 0.0013s
2025-05-11 22:01:49,522 - diffusion_policy.model.diffusion.conditional_unet1d - INFO - down_modules_0_downsample time: 0.0006s
2025-05-11 22:01:49,524 - diffusion_policy.model.diffusion.conditional_unet1d - INFO - down_modules_1_resnet time: 0.0017s
2025-05-11 22:01:49,525 - diffusion_policy.model.diffusion.conditional_unet1d - INFO - down_modules_1_resnet2 time: 0.0014s
2025-05-11 22:01:49,526 - diffusion_policy.model.diffusion.conditional_unet1d - INFO - down_modules_1_downsample time: 0.0005s
2025-05-11 22:01:49,528 - diffusion_policy.model.diffusion.conditional_unet1d - INFO - down_modules_2_resnet time: 0.0017s
2025-05-11 22:01:49,529 - diffusion_policy.model.diffusion.conditional_unet1d - INFO - down_modules_2_resnet2 time: 0.0013s
2025-05-11 22:01:49,529 - diffusion_policy.model.diffusion.conditional_unet1d - INFO - down_modules_2_downsample time: 0.0002s
2025-05-11 22:01:49,532 - diffusion_policy.model.diffusion.conditional_unet1d - INFO - mid_modules time: 0.0027s
2025-05-11 22:01:49,534 - diffusion_policy.model.diffusion.conditional_unet1d - INFO - up_modules_0_resnet time: 0.0017s
2025-05-11 22:01:49,535 - diffusion_policy.model.diffusion.conditional_unet1d - INFO - up_modules_0_resnet2 time: 0.0014s
2025-05-11 22:01:49,536 - diffusion_policy.model.diffusion.conditional_unet1d - INFO - up_modules_0_upsample time: 0.0003s
2025-05-11 22:01:49,538 - diffusion_policy.model.diffusion.conditional_unet1d - INFO - up_modules_1_resnet time: 0.0017s
2025-05-11 22:01:49,539 - diffusion_policy.model.diffusion.conditional_unet1d - INFO - up_modules_1_resnet2 time: 0.0014s
2025-05-11 22:01:49,539 - diffusion_policy.model.diffusion.conditional_unet1d - INFO - up_modules_1_upsample time: 0.0003s
2025-05-11 22:01:49,540 - diffusion_policy.model.diffusion.conditional_unet1d - INFO - final_conv time: 0.0007s
2025-05-11 22:01:49,544 - diffusion_policy.model.diffusion.conditional_unet1d - INFO - down_modules_0_resnet time: 0.0017s
2025-05-11 22:01:49,546 - diffusion_policy.model.diffusion.conditional_unet1d - INFO - down_modules_0_resnet2 time: 0.0013s
2025-05-11 22:01:49,546 - diffusion_policy.model.diffusion.conditional_unet1d - INFO - down_modules_0_downsample time: 0.0005s
2025-05-11 22:01:49,548 - diffusion_policy.model.diffusion.conditional_unet1d - INFO - down_modules_1_resnet time: 0.0017s
2025-05-11 22:01:49,549 - diffusion_policy.model.diffusion.conditional_unet1d - INFO - down_modules_1_resnet2 time: 0.0013s
2025-05-11 22:01:49,550 - diffusion_policy.model.diffusion.conditional_unet1d - INFO - down_modules_1_downsample time: 0.0005s
2025-05-11 22:01:49,552 - diffusion_policy.model.diffusion.conditional_unet1d - INFO - down_modules_2_resnet time: 0.0017s
2025-05-11 22:01:49,553 - diffusion_policy.model.diffusion.conditional_unet1d - INFO - down_modules_2_resnet2 time: 0.0013s
2025-05-11 22:01:49,554 - diffusion_policy.model.diffusion.conditional_unet1d - INFO - down_modules_2_downsample time: 0.0002s
2025-05-11 22:01:49,556 - diffusion_policy.model.diffusion.conditional_unet1d - INFO - mid_modules time: 0.0027s
2025-05-11 22:01:49,558 - diffusion_policy.model.diffusion.conditional_unet1d - INFO - up_modules_0_resnet time: 0.0016s
2025-05-11 22:01:49,560 - diffusion_policy.model.diffusion.conditional_unet1d - INFO - up_modules_0_resnet2 time: 0.0014s
2025-05-11 22:01:49,560 - diffusion_policy.model.diffusion.conditional_unet1d - INFO - up_modules_0_upsample time: 0.0003s
2025-05-11 22:01:49,562 - diffusion_policy.model.diffusion.conditional_unet1d - INFO - up_modules_1_resnet time: 0.0017s
2025-05-11 22:01:49,563 - diffusion_policy.model.diffusion.conditional_unet1d - INFO - up_modules_1_resnet2 time: 0.0013s
2025-05-11 22:01:49,564 - diffusion_policy.model.diffusion.conditional_unet1d - INFO - up_modules_1_upsample time: 0.0003s
2025-05-11 22:01:49,564 - diffusion_policy.model.diffusion.conditional_unet1d - INFO - final_conv time: 0.0007s
2025-05-11 22:01:49,568 - diffusion_policy.model.diffusion.conditional_unet1d - INFO - down_modules_0_resnet time: 0.0017s
2025-05-11 22:01:49,570 - diffusion_policy.model.diffusion.conditional_unet1d - INFO - down_modules_0_resnet2 time: 0.0014s
2025-05-11 22:01:49,570 - diffusion_policy.model.diffusion.conditional_unet1d - INFO - down_modules_0_downsample time: 0.0005s
2025-05-11 22:01:49,572 - diffusion_policy.model.diffusion.conditional_unet1d - INFO - down_modules_1_resnet time: 0.0016s
2025-05-11 22:01:49,574 - diffusion_policy.model.diffusion.conditional_unet1d - INFO - down_modules_1_resnet2 time: 0.0014s
2025-05-11 22:01:49,574 - diffusion_policy.model.diffusion.conditional_unet1d - INFO - down_modules_1_downsample time: 0.0005s
2025-05-11 22:01:49,576 - diffusion_policy.model.diffusion.conditional_unet1d - INFO - down_modules_2_resnet time: 0.0016s
2025-05-11 22:01:49,578 - diffusion_policy.model.diffusion.conditional_unet1d - INFO - down_modules_2_resnet2 time: 0.0013s
2025-05-11 22:01:49,578 - diffusion_policy.model.diffusion.conditional_unet1d - INFO - down_modules_2_downsample time: 0.0002s
2025-05-11 22:01:49,581 - diffusion_policy.model.diffusion.conditional_unet1d - INFO - mid_modules time: 0.0027s
2025-05-11 22:01:49,582 - diffusion_policy.model.diffusion.conditional_unet1d - INFO - up_modules_0_resnet time: 0.0017s
2025-05-11 22:01:49,584 - diffusion_policy.model.diffusion.conditional_unet1d - INFO - up_modules_0_resnet2 time: 0.0014s
2025-05-11 22:01:49,584 - diffusion_policy.model.diffusion.conditional_unet1d - INFO - up_modules_0_upsample time: 0.0003s
2025-05-11 22:01:49,586 - diffusion_policy.model.diffusion.conditional_unet1d - INFO - up_modules_1_resnet time: 0.0017s
2025-05-11 22:01:49,587 - diffusion_policy.model.diffusion.conditional_unet1d - INFO - up_modules_1_resnet2 time: 0.0014s
2025-05-11 22:01:49,588 - diffusion_policy.model.diffusion.conditional_unet1d - INFO - up_modules_1_upsample time: 0.0003s
2025-05-11 22:01:49,589 - diffusion_policy.model.diffusion.conditional_unet1d - INFO - final_conv time: 0.0007s
2025-05-11 22:01:49,593 - diffusion_policy.model.diffusion.conditional_unet1d - INFO - down_modules_0_resnet time: 0.0017s
2025-05-11 22:01:49,594 - diffusion_policy.model.diffusion.conditional_unet1d - INFO - down_modules_0_resnet2 time: 0.0013s
2025-05-11 22:01:49,595 - diffusion_policy.model.diffusion.conditional_unet1d - INFO - down_modules_0_downsample time: 0.0005s
2025-05-11 22:01:49,596 - diffusion_policy.model.diffusion.conditional_unet1d - INFO - down_modules_1_resnet time: 0.0017s
2025-05-11 22:01:49,598 - diffusion_policy.model.diffusion.conditional_unet1d - INFO - down_modules_1_resnet2 time: 0.0014s
2025-05-11 22:01:49,598 - diffusion_policy.model.diffusion.conditional_unet1d - INFO - down_modules_1_downsample time: 0.0005s
2025-05-11 22:01:49,600 - diffusion_policy.model.diffusion.conditional_unet1d - INFO - down_modules_2_resnet time: 0.0016s
2025-05-11 22:01:49,602 - diffusion_policy.model.diffusion.conditional_unet1d - INFO - down_modules_2_resnet2 time: 0.0013s
2025-05-11 22:01:49,602 - diffusion_policy.model.diffusion.conditional_unet1d - INFO - down_modules_2_downsample time: 0.0002s
2025-05-11 22:01:49,605 - diffusion_policy.model.diffusion.conditional_unet1d - INFO - mid_modules time: 0.0026s
2025-05-11 22:01:49,607 - diffusion_policy.model.diffusion.conditional_unet1d - INFO - up_modules_0_resnet time: 0.0017s
2025-05-11 22:01:49,608 - diffusion_policy.model.diffusion.conditional_unet1d - INFO - up_modules_0_resnet2 time: 0.0013s
2025-05-11 22:01:49,608 - diffusion_policy.model.diffusion.conditional_unet1d - INFO - up_modules_0_upsample time: 0.0003s
2025-05-11 22:01:49,610 - diffusion_policy.model.diffusion.conditional_unet1d - INFO - up_modules_1_resnet time: 0.0017s
2025-05-11 22:01:49,612 - diffusion_policy.model.diffusion.conditional_unet1d - INFO - up_modules_1_resnet2 time: 0.0013s
2025-05-11 22:01:49,612 - diffusion_policy.model.diffusion.conditional_unet1d - INFO - up_modules_1_upsample time: 0.0002s
2025-05-11 22:01:49,613 - diffusion_policy.model.diffusion.conditional_unet1d - INFO - final_conv time: 0.0007s
2025-05-11 22:01:49,617 - diffusion_policy.model.diffusion.conditional_unet1d - INFO - down_modules_0_resnet time: 0.0017s
2025-05-11 22:01:49,618 - diffusion_policy.model.diffusion.conditional_unet1d - INFO - down_modules_0_resnet2 time: 0.0013s
2025-05-11 22:01:49,619 - diffusion_policy.model.diffusion.conditional_unet1d - INFO - down_modules_0_downsample time: 0.0005s
2025-05-11 22:01:49,621 - diffusion_policy.model.diffusion.conditional_unet1d - INFO - down_modules_1_resnet time: 0.0017s
2025-05-11 22:01:49,622 - diffusion_policy.model.diffusion.conditional_unet1d - INFO - down_modules_1_resnet2 time: 0.0014s
2025-05-11 22:01:49,623 - diffusion_policy.model.diffusion.conditional_unet1d - INFO - down_modules_1_downsample time: 0.0005s
2025-05-11 22:01:49,624 - diffusion_policy.model.diffusion.conditional_unet1d - INFO - down_modules_2_resnet time: 0.0017s
2025-05-11 22:01:49,626 - diffusion_policy.model.diffusion.conditional_unet1d - INFO - down_modules_2_resnet2 time: 0.0013s
2025-05-11 22:01:49,626 - diffusion_policy.model.diffusion.conditional_unet1d - INFO - down_modules_2_downsample time: 0.0002s
2025-05-11 22:01:49,629 - diffusion_policy.model.diffusion.conditional_unet1d - INFO - mid_modules time: 0.0027s
2025-05-11 22:01:49,631 - diffusion_policy.model.diffusion.conditional_unet1d - INFO - up_modules_0_resnet time: 0.0016s
2025-05-11 22:01:49,632 - diffusion_policy.model.diffusion.conditional_unet1d - INFO - up_modules_0_resnet2 time: 0.0014s
2025-05-11 22:01:49,633 - diffusion_policy.model.diffusion.conditional_unet1d - INFO - up_modules_0_upsample time: 0.0003s
2025-05-11 22:01:49,634 - diffusion_policy.model.diffusion.conditional_unet1d - INFO - up_modules_1_resnet time: 0.0017s
2025-05-11 22:01:49,636 - diffusion_policy.model.diffusion.conditional_unet1d - INFO - up_modules_1_resnet2 time: 0.0013s
2025-05-11 22:01:49,636 - diffusion_policy.model.diffusion.conditional_unet1d - INFO - up_modules_1_upsample time: 0.0003s
2025-05-11 22:01:49,637 - diffusion_policy.model.diffusion.conditional_unet1d - INFO - final_conv time: 0.0007s
